[ApplicationConstants]

[SwingWindow]
preset="Coords=0;0;800;600;Status=NORMAL"

SwingWindow="Type=JavaWindow;Caption={Swing*}"
RootPane="Type=RootPane;Index=1"
JavaPanel="Type=RootPane;Index=1;\;Type=JavaPanel;Index=1"
JavaPanel2="Type=RootPane;Index=1;\;Type=JavaPanel;Index=1;\;Type=JavaPanel;Index=2"

ToolBar="Type=RootPane;Index=1;\;Type=JavaPanel;Index=1;\;Type=JavaPanel;Index=2;\;Type=ToolBar;Index=1"
MortCalc="Type=RootPane;Index=1;\;Type=JavaPanel;Index=1;\;Type=JavaPanel;Index=2;\;Type=ToolBar;Index=1;\;Type=PushButton;Name=Mort.Calc"
BascComp="Type=RootPane;Index=1;\;Type=JavaPanel;Index=1;\;Type=JavaPanel;Index=2;\;Type=ToolBar;Index=1;\;Type=PushButton;Name=Basc.Comp"
JPan="Type=RootPane;Index=1;\;Type=JavaPanel;Index=1;\;Type=JavaPanel;Index=2;\;Type=ToolBar;Index=1;\;Type=PushButton;Name=JPan"
JTree="Type=RootPane;Index=1;\;Type=JavaPanel;Index=1;\;Type=JavaPanel;Index=2;\;Type=ToolBar;Index=1;\;Type=PushButton;Name=JTree"
JTree2="Type=RootPane;Index=1;\;Type=JavaPanel;Index=1;\;Type=JavaPanel;Index=2;\;Type=ToolBar;Index=1;\;Type=PushButton;Name=JTree2"
JTable="Type=RootPane;Index=1;\;Type=JavaPanel;Index=1;\;Type=JavaPanel;Index=2;\;Type=ToolBar;Index=1;\;Type=PushButton;Name=JTable"
Third="Type=RootPane;Index=1;\;Type=JavaPanel;Index=1;\;Type=JavaPanel;Index=2;\;Type=ToolBar;Index=1;\;Type=PushButton;Name=Third"

TabControl="Type=RootPane;Index=1;\;Type=JavaPanel;Index=1;\;Type=JavaPanel;Index=2;\;Type=TabControl;Index=1"
JavaPanel3="Type=RootPane;Index=1;\;Type=JavaPanel;Index=1;\;Type=JavaPanel;Index=2;\;Type=TabControl;Index=1;\;Type=JavaPanel;Index=3"
MortgageCalculatorForm="Type=RootPane;Index=1;\;Type=JavaPanel;Index=1;\;Type=JavaPanel;Index=2;\;Type=TabControl;Index=1;\;Type=JavaPanel;Index=3;\;Type=Label;Name=Mortgage Calculator Form"
Term="Type=RootPane;Index=1;\;Type=JavaPanel;Index=1;\;Type=JavaPanel;Index=2;\;Type=TabControl;Index=1;\;Type=JavaPanel;Index=3;\;Type=Label;Name=Term:"
EditBox="Type=RootPane;Index=1;\;Type=JavaPanel;Index=1;\;Type=JavaPanel;Index=2;\;Type=TabControl;Index=1;\;Type=JavaPanel;Index=3;\;Type=EditBox;Index=1"
Principal="Type=RootPane;Index=1;\;Type=JavaPanel;Index=1;\;Type=JavaPanel;Index=2;\;Type=TabControl;Index=1;\;Type=JavaPanel;Index=3;\;Type=Label;Name=Principal:"
EditBox2="Type=RootPane;Index=1;\;Type=JavaPanel;Index=1;\;Type=JavaPanel;Index=2;\;Type=TabControl;Index=1;\;Type=JavaPanel;Index=3;\;Type=EditBox;Index=2"
PercentInterestRate="Type=RootPane;Index=1;\;Type=JavaPanel;Index=1;\;Type=JavaPanel;Index=2;\;Type=TabControl;Index=1;\;Type=JavaPanel;Index=3;\;Type=Label;Name=Percent Interest Rate:"
EditBox3="Type=RootPane;Index=1;\;Type=JavaPanel;Index=1;\;Type=JavaPanel;Index=2;\;Type=TabControl;Index=1;\;Type=JavaPanel;Index=3;\;Type=EditBox;Index=3"
Submit="Type=RootPane;Index=1;\;Type=JavaPanel;Index=1;\;Type=JavaPanel;Index=2;\;Type=TabControl;Index=1;\;Type=JavaPanel;Index=3;\;Type=PushButton;Name=Submit"
MonthlyPayment="Type=RootPane;Index=1;\;Type=JavaPanel;Index=1;\;Type=JavaPanel;Index=2;\;Type=TabControl;Index=1;\;Type=JavaPanel;Index=3;\;Type=Label;Name=Monthly Payment:"
EditBox4="Type=RootPane;Index=1;\;Type=JavaPanel;Index=1;\;Type=JavaPanel;Index=2;\;Type=TabControl;Index=1;\;Type=JavaPanel;Index=3;\;Type=EditBox;Index=4"
JavaPanel4="Type=RootPane;Index=1;\;Type=JavaPanel;Index=1;\;Type=JavaPanel;Index=2;\;Type=TabControl;Index=1;\;Type=JavaPanel;Index=3"
EditBox5="Type=RootPane;Index=1;\;Type=JavaPanel;Index=1;\;Type=JavaPanel;Index=2;\;Type=TabControl;Index=1;\;Type=JavaPanel;Index=3;\;Type=EditBox;Index=1"
ComboBox="Type=RootPane;Index=1;\;Type=JavaPanel;Index=1;\;Type=JavaPanel;Index=2;\;Type=TabControl;Index=1;\;Type=JavaPanel;Index=3;\;Type=ComboBox;Index=1"
jRadioButton1="Type=RootPane;Index=1;\;Type=JavaPanel;Index=1;\;Type=JavaPanel;Index=2;\;Type=TabControl;Index=1;\;Type=JavaPanel;Index=3;\;Type=RadioButton;Name=jRadioButton1"
jCheckBox1="Type=RootPane;Index=1;\;Type=JavaPanel;Index=1;\;Type=JavaPanel;Index=2;\;Type=TabControl;Index=1;\;Type=JavaPanel;Index=3;\;Type=CheckBox;Name=jCheckBox1"
JToggleButton1="Type=RootPane;Index=1;\;Type=JavaPanel;Index=1;\;Type=JavaPanel;Index=2;\;Type=TabControl;Index=1;\;Type=JavaPanel;Index=3;\;Type=PushButton;Name=JToggleButton1"
jButton1="Type=RootPane;Index=1;\;Type=JavaPanel;Index=1;\;Type=JavaPanel;Index=2;\;Type=TabControl;Index=1;\;Type=JavaPanel;Index=3;\;Type=PushButton;Name=jButton1"
MyJLabel="Type=RootPane;Index=1;\;Type=JavaPanel;Index=1;\;Type=JavaPanel;Index=2;\;Type=TabControl;Index=1;\;Type=JavaPanel;Index=3;\;Type=Label;Name=My JLabel"
CellRendererPane="Type=RootPane;Index=1;\;Type=JavaPanel;Index=1;\;Type=JavaPanel;Index=2;\;Type=TabControl;Index=1;\;Type=JavaPanel;Index=3;\;Type=JavaTree;Index=1;\;Type=CellRendererPane;Index=1"

ListBox="Type=RootPane;Index=1;\;Type=JavaPanel;Index=1;\;Type=JavaPanel;Index=2;\;Type=TabControl;Index=1;\;Type=JavaPanel;Index=3;\;Type=JavaPanel;Index=4;\;Type=JavaPanel;Index=5;\;Type=ListBox;Index=1"
ListVScrollBar="Type=RootPane;Index=1;\;Type=JavaPanel;Index=1;\;Type=JavaPanel;Index=2;\;Type=TabControl;Index=1;\;Type=JavaPanel;Index=3;\;Type=JavaPanel;Index=4;\;Type=ScrollBar;Index=1"
ListHScrollBar="Type=RootPane;Index=1;\;Type=JavaPanel;Index=1;\;Type=JavaPanel;Index=2;\;Type=TabControl;Index=1;\;Type=JavaPanel;Index=3;\;Type=JavaPanel;Index=4;\;Type=ScrollBar;Index=2"
TextAreaVScrollBar="Type=RootPane;Index=1;\;Type=JavaPanel;Index=1;\;Type=JavaPanel;Index=2;\;Type=TabControl;Index=1;\;Type=JavaPanel;Index=3;\;Type=JavaPanel;Index=6;\;Type=ScrollBar;Index=3"
TextAreaHScrollBar="Type=RootPane;Index=1;\;Type=JavaPanel;Index=1;\;Type=JavaPanel;Index=2;\;Type=TabControl;Index=1;\;Type=JavaPanel;Index=3;\;Type=JavaPanel;Index=6;\;Type=ScrollBar;Index=4"

JavaTable="Type=RootPane;Index=1;\;Type=JavaPanel;Index=1;\;Type=JavaPanel;Index=2;\;Type=TabControl;Index=1;\;Type=JavaPanel;Index=3;\;Type=JavaTable;Index=1"
JavaTable2="Type=RootPane;Index=1;\;Type=JavaPanel;Index=1;\;Type=JavaPanel;Index=2;\;Type=TabControl;Index=1;\;Type=JavaPanel;Index=3;\;Type=JavaTable;Index=1"
JavaTable3="Type=RootPane;Index=1;\;Type=JavaPanel;Index=1;\;Type=JavaPanel;Index=2;\;Type=TabControl;Index=1;\;Type=JavaPanel;Index=3;\;Type=JavaTable;Index=1"
JavaTable4="Type=RootPane;Index=1;\;Type=JavaPanel;Index=1;\;Type=JavaPanel;Index=2;\;Type=TabControl;Index=1;\;Type=JavaPanel;Index=3;\;Type=JavaTable;Index=1"

EditBox6="Type=RootPane;Index=1;\;Type=JavaPanel;Index=1;\;Type=JavaPanel;Index=2;\;Type=JavaPanel;Index=4;\;Type=JavaPanel;Index=6;\;Type=JavaPanel;Index=7;\;Type=EditBox;Index=5"
EditBox7="Type=RootPane;Index=1;\;Type=JavaPanel;Index=1;\;Type=JavaPanel;Index=2;\;Type=JavaPanel;Index=4;\;Type=JavaPanel;Index=6;\;Type=JavaPanel;Index=7;\;Type=EditBox;Index=6"
EditBox8="Type=RootPane;Index=1;\;Type=JavaPanel;Index=1;\;Type=JavaPanel;Index=2;\;Type=JavaPanel;Index=4;\;Type=JavaPanel;Index=8;\;Type=JavaPanel;Index=9;\;Type=EditBox;Index=7"
EditBox9="Type=RootPane;Index=1;\;Type=JavaPanel;Index=1;\;Type=JavaPanel;Index=2;\;Type=JavaPanel;Index=4;\;Type=JavaPanel;Index=8;\;Type=JavaPanel;Index=9;\;Type=EditBox;Index=8"
EditBox10="Type=RootPane;Index=1;\;Type=JavaPanel;Index=1;\;Type=JavaPanel;Index=2;\;Type=JavaPanel;Index=4;\;Type=JavaPanel;Index=8;\;Type=JavaPanel;Index=9;\;Type=EditBox;Index=9"

JavaMenu="Type=RootPane;Index=1;\;Type=JavaPanel;Index=1;\;Type=JavaMenuBar;Index=1"
File="Type=RootPane;Index=1;\;Type=JavaPanel;Index=1;\;Type=JavaMenuBar;Index=1;Path=File"
FileExit="Type=RootPane;Index=1;\;Type=JavaPanel;Index=1;\;Type=JavaMenuBar;Index=1;Path=File->Exit"
Tools="Type=RootPane;Index=1;\;Type=JavaPanel;Index=1;\;Type=JavaMenuBar;Index=1;Path=Tools"
ToolsBasicComponents="Type=RootPane;Index=1;\;Type=JavaPanel;Index=1;\;Type=JavaMenuBar;Index=1;Path=Tools->Basic Components"
ToolsMortgageCalculator="Type=RootPane;Index=1;\;Type=JavaPanel;Index=1;\;Type=JavaMenuBar;Index=1;Path=Tools->Mortgage Calculator"
ToolsJPanelControls="Type=RootPane;Index=1;\;Type=JavaPanel;Index=1;\;Type=JavaMenuBar;Index=1;Path=Tools->JPanel Controls"
ToolsJTreeViewer="Type=RootPane;Index=1;\;Type=JavaPanel;Index=1;\;Type=JavaMenuBar;Index=1;Path=Tools->JTree Viewer"
ToolsJTree2Viewer="Type=RootPane;Index=1;\;Type=JavaPanel;Index=1;\;Type=JavaMenuBar;Index=1;Path=Tools->JTree2 Viewer"
ToolsJTableViewer="Type=RootPane;Index=1;\;Type=JavaPanel;Index=1;\;Type=JavaMenuBar;Index=1;Path=Tools->JTable Viewer"
ToolsJTable2Viewer="Type=RootPane;Index=1;\;Type=JavaPanel;Index=1;\;Type=JavaMenuBar;Index=1;Path=Tools->JTable2 Viewer"
ToolsJTable3Viewer="Type=RootPane;Index=1;\;Type=JavaPanel;Index=1;\;Type=JavaMenuBar;Index=1;Path=Tools->JTable3 Viewer"
ToolsJTable4Viewer="Type=RootPane;Index=1;\;Type=JavaPanel;Index=1;\;Type=JavaMenuBar;Index=1;Path=Tools->JTable4 Viewer"
Weird="Type=RootPane;Index=1;\;Type=JavaPanel;Index=1;\;Type=JavaMenuBar;Index=1;Path=Weird"
WeirdCheckBox="Type=RootPane;Index=1;\;Type=JavaPanel;Index=1;\;Type=JavaMenuBar;Index=1;Path=Weird->CheckBox"
WeirdRadioButton="Type=RootPane;Index=1;\;Type=JavaPanel;Index=1;\;Type=JavaMenuBar;Index=1;Path=Weird->RadioButton"
WeirdSecond="Type=RootPane;Index=1;\;Type=JavaPanel;Index=1;\;Type=JavaMenuBar;Index=1;Path=Weird->Second"
WeirdSecondThird="Type=RootPane;Index=1;\;Type=JavaPanel;Index=1;\;Type=JavaMenuBar;Index=1;Path=Weird->Second->Third"
WeirdSecondFourth="Type=RootPane;Index=1;\;Type=JavaPanel;Index=1;\;Type=JavaMenuBar;Index=1;Path=Weird->Second->Fourth"
Help="Type=RootPane;Index=1;\;Type=JavaPanel;Index=1;\;Type=JavaMenuBar;Index=1;Path=Help"
HelpAbout="Type=RootPane;Index=1;\;Type=JavaPanel;Index=1;\;Type=JavaMenuBar;Index=1;Path=Help->About"

ScrollBar="Type=TabControl;Name=JTree2;\;Type=ScrollBar;Index=1"
ScrollBar2="Type=TabControl;Name=JTree2;\;Type=ScrollBar;Index=2"

PopupMenu="Type=JavaWindow;JavaCaption=Swing Application;\;Type=JavaPanel;Index=2;\;Type=JavaPopupMenu;Index=1"
PFile="Type=JavaWindow;JavaCaption=Swing Application;\;Type=JavaPopupMenu;Index=1;Path=PFile"
PFilePExit="Type=JavaWindow;JavaCaption=Swing Application;\;Type=JavaPopupMenu;Index=1;Path=PFile->PExit"
PTools="Type=JavaWindow;JavaCaption=Swing Application;\;Type=JavaPopupMenu;Index=1;Path=PTools"
PToolsPBasicComponents="Type=JavaWindow;JavaCaption=Swing Application;\;Type=JavaPopupMenu;Index=1;Path=PTools->PBasic Components"
PToolsPMortgageCalculator="Type=JavaWindow;JavaCaption=Swing Application;\;Type=JavaPopupMenu;Index=1;Path=PTools->PMortgage Calculator"
PToolsPPanelControls="Type=JavaWindow;JavaCaption=Swing Application;\;Type=JavaPopupMenu;Index=1;Path=PTools->PPanel Controls"
PTools_Sep_0="Type=JavaWindow;JavaCaption=Swing Application;\;Type=JavaPopupMenu;Index=1;\;Path=PTools;\;Type=JComponent;Name=PTools_Sep_0"
PToolsPTreeViewer="Type=JavaWindow;JavaCaption=Swing Application;\;Type=JavaPopupMenu;Index=1;Path=PTools->PTree Viewer"
PToolsPTree2Viewer="Type=JavaWindow;JavaCaption=Swing Application;\;Type=JavaPopupMenu;Index=1;Path=PTools->PTree2 Viewer"
PToolsPTableViewer="Type=JavaWindow;JavaCaption=Swing Application;\;Type=JavaPopupMenu;Index=1;Path=PTools->PTable Viewer"
PToolsPTable2Viewer="Type=JavaWindow;JavaCaption=Swing Application;\;Type=JavaPopupMenu;Index=1;Path=PTools->PTable2 Viewer"
PToolsPTable4Viewer="Type=JavaWindow;JavaCaption=Swing Application;\;Type=JavaPopupMenu;Index=1;Path=PTools->PTable4 Viewer"
Sep_0="Type=JavaWindow;JavaCaption=Swing Application;\;Type=JavaPopupMenu;Index=1;\;Type=JComponent;Name=Sep_0"
PWeird="Type=JavaWindow;JavaCaption=Swing Application;\;Type=JavaPopupMenu;Index=1;Path=PWeird"
PWeirdPCheckBox="Type=JavaWindow;JavaCaption=Swing Application;\;Type=JavaPopupMenu;Index=1;Path=PWeird->PCheckBox"
PWeirdPRadioButton="Type=JavaWindow;JavaCaption=Swing Application;\;Type=JavaPopupMenu;Index=1;Path=PWeird->PRadioButton"
PHelp="Type=JavaWindow;JavaCaption=Swing Application;\;Type=JavaPopupMenu;Index=1;Path=PHelp"
PHelpPAbout="Type=JavaWindow;JavaCaption=Swing Application;\;Type=JavaPopupMenu;Index=1;Path=PHelp->PAbout"

JavaTree="Type=JavaWindow;JavaCaption=Swing Application;\;Type=TabControl;Name=JTree;\;Type=TreeView;Index=1"
JavaTree2="Type=RootPane;Index=1;\;Type=JavaPanel;Index=1;\;Type=JavaPanel;Index=2;\;Type=TabControl;Index=1;\;Type=JavaPanel;Index=3;\;Type=JavaPanel;Index=4;\;Type=JavaPanel;Index=5;\;Type=JavaTree;Index=1"
