[ApplicationConstants]

[DotnetAppWindow]
DotnetAppWindow="Type=DotNetWindow;Name=Form1"
tabControl1="Type=TabControl;Name=tabControl1"
bascCompTab="Type=TabControl;Name=tabControl1;\;Type=TabPage;Name=tabPage1"
tableLayoutPanel1="Type=TabControl;Name=tabControl1;\;Type=TabPage;Name=tabPage1;\;Class=System.Windows.Forms.TableLayoutPanel;Name=tableLayoutPanel1"
label1="Type=TabControl;Name=tabControl1;\;Type=TabPage;Name=tabPage1;\;Class=System.Windows.Forms.TableLayoutPanel;Name=tableLayoutPanel1;\;Type=Label;Name=label1"
textBox1="Type=TabControl;Name=tabControl1;\;Type=TabPage;Name=tabPage1;\;Class=System.Windows.Forms.TableLayoutPanel;Name=tableLayoutPanel1;\;Type=EditBox;Name=textBox1"
richTextBox1="Type=DotNetWindow;Name=Form1;\;Type=EditBox;Name=richTextBox1"
tableLayoutPanel2="Type=TabControl;Name=tabControl1;\;Type=TabPage;Name=tabPage1;\;Class=System.Windows.Forms.TableLayoutPanel;Name=tableLayoutPanel1;\;Class=System.Windows.Forms.TableLayoutPanel;Name=tableLayoutPanel2"
comboBox1="Type=TabControl;Name=tabControl1;\;Type=TabPage;Name=tabPage1;\;Class=System.Windows.Forms.TableLayoutPanel;Name=tableLayoutPanel1;\;Class=System.Windows.Forms.TableLayoutPanel;Name=tableLayoutPanel2;\;Type=ComboBox;Name=comboBox1"
radioButton1="Type=TabControl;Name=tabControl1;\;Type=TabPage;Name=tabPage1;\;Class=System.Windows.Forms.TableLayoutPanel;Name=tableLayoutPanel1;\;Class=System.Windows.Forms.TableLayoutPanel;Name=tableLayoutPanel2;\;Type=RadioButton;Name=radioButton1"
checkBox1="Type=TabControl;Name=tabControl1;\;Type=TabPage;Name=tabPage1;\;Class=System.Windows.Forms.TableLayoutPanel;Name=tableLayoutPanel1;\;Class=System.Windows.Forms.TableLayoutPanel;Name=tableLayoutPanel2;\;Class=System.Windows.Forms.CheckBox;Name=checkBox1"
listBox1="Type=TabControl;Name=tabControl1;\;Type=TabPage;Name=tabPage1;\;Class=System.Windows.Forms.TableLayoutPanel;Name=tableLayoutPanel1;\;Type=ListBox;Name=listBox1"
tableLayoutPanel3="Type=TabControl;Name=tabControl1;\;Type=TabPage;Name=tabPage1;\;Class=System.Windows.Forms.TableLayoutPanel;Name=tableLayoutPanel1;\;Class=System.Windows.Forms.TableLayoutPanel;Name=tableLayoutPanel3"
button1="Type=TabControl;Name=tabControl1;\;Type=TabPage;Name=tabPage1;\;Class=System.Windows.Forms.TableLayoutPanel;Name=tableLayoutPanel1;\;Class=System.Windows.Forms.TableLayoutPanel;Name=tableLayoutPanel3;\;Type=PushButton;Name=button1"
button2="Type=TabControl;Name=tabControl1;\;Type=TabPage;Name=tabPage1;\;Class=System.Windows.Forms.TableLayoutPanel;Name=tableLayoutPanel1;\;Class=System.Windows.Forms.TableLayoutPanel;Name=tableLayoutPanel3;\;Type=PushButton;Name=button2"
jpaneTab="Type=TabControl;Name=tabControl1;\;Type=TabPage;Name=tabPage2"
tableLayoutPanel4="Type=TabControl;Name=tabControl1;\;Type=TabPage;Name=tabPage2;\;Class=System.Windows.Forms.TableLayoutPanel;Name=tableLayoutPanel4"
tableLayoutPanel6="Type=TabControl;Name=tabControl1;\;Type=TabPage;Name=tabPage2;\;Class=System.Windows.Forms.TableLayoutPanel;Name=tableLayoutPanel4;\;Class=System.Windows.Forms.TableLayoutPanel;Name=tableLayoutPanel6"
tableLayoutPanel5="Type=TabControl;Name=tabControl1;\;Type=TabPage;Name=tabPage2;\;Class=System.Windows.Forms.TableLayoutPanel;Name=tableLayoutPanel4;\;Class=System.Windows.Forms.TableLayoutPanel;Name=tableLayoutPanel5"
textBox3="Type=TabControl;Name=tabControl1;\;Type=TabPage;Name=tabPage2;\;Type=Panel;Name=tableLayoutPanel4;\;Type=Panel;Name=tableLayoutPanel5;\;Type=EditBox;Name=textBox3"
textBox2="Type=TabControl;Name=tabControl1;\;Type=TabPage;Name=tabPage2;\;Class=System.Windows.Forms.TableLayoutPanel;Name=tableLayoutPanel4;\;Class=System.Windows.Forms.TableLayoutPanel;Name=tableLayoutPanel5;\;Type=EditBox;Name=textBox2"
listView1="Type=TabControl;Name=tabControl1;\;Type=TabPage;Name=tabPage2;\;Type=Panel;Name=tableLayoutPanel4;\;Type=ListView;Name=listView1"
jtreeTab="Type=TabControl;Name=tabControl1;\;Type=TabPage;Name=tabPage3"
treeView1="Type=TabControl;Name=tabControl1;\;Type=TabPage;Name=tabPage3;\;Type=TreeView;Name=treeView1"
jtree2Tab="Type=TabControl;Name=tabControl1;\;Type=TabPage;Name=tabPage4"
treeView2="Type=TabControl;Name=tabControl1;\;Type=TabPage;Name=tabPage4;\;Type=TreeView;Name=treeView2"
jtableTab="Type=TabControl;Name=tabControl1;\;Type=TabPage;Name=tabPage5"
dataGridView1="Type=TabControl;Name=tabControl1;\;Type=TabPage;Name=tabPage5;\;Class=System.Windows.Forms.DataGridView;Name=dataGridView1"
HScrollBar="Type=DotNetWindow;Name=Form1;\;Type=TabControl;Name=tabControl1;\;Type=TabPage;Name=tabPage5;\;Type=DotnetTable;Name=dataGridView1;\;Type=ScrollBar;Index=1"
VScrollBar="Type=DotNetWindow;Name=Form1;\;Type=TabControl;Name=tabControl1;\;Type=TabPage;Name=tabPage5;\;Type=DotnetTable;Name=dataGridView1;\;Type=ScrollBar;Index=2"
jtable2Tab="Type=TabControl;Name=tabControl1;\;Type=TabPage;Name=tabPage6"
myDataGrid="Type=DotNetWindow;Name=Form1;\;Type=TabControl;Name=tabControl1;\;Type=TabPage;Name=tabPage6;\;Type=DotnetTable;Name=myDataGrid"
HScrollBar1="Type=DotNetWindow;Name=Form1;\;Type=TabControl;Name=tabControl1;\;Type=TabPage;Name=tabPage6;\;Type=DotnetTable;Name=myDataGrid;\;Type=ScrollBar;Index=1"
VScrollBar1="Type=DotNetWindow;Name=Form1;\;Type=TabControl;Name=tabControl1;\;Type=TabPage;Name=tabPage6;\;Type=DotnetTable;Name=myDataGrid;\;Type=ScrollBar;Index=2"

menuBar="Type=DotNetMenuBar;Name=menuStrip1"
menuBarDV="_DDV:"
fileToolStripMenuItem="Class=System.Windows.Forms.ToolStripMenuItem;Name=fileToolStripMenuItem"
exitToolStripMenuItem="Class=System.Windows.Forms.ToolStripMenuItem;Name=fileToolStripMenuItem;\;Class=System.Windows.Forms.ToolStripMenuItem;Name=exitToolStripMenuItem"
toolsToolStripMenuItem="Class=System.Windows.Forms.ToolStripMenuItem;Name=toolsToolStripMenuItem"
basicComponentToolStripMenuItem="Class=System.Windows.Forms.ToolStripMenuItem;Name=toolsToolStripMenuItem;\;Class=System.Windows.Forms.ToolStripMenuItem;Name=basicComponentToolStripMenuItem"
jPanelControlToolStripMenuItem="Class=System.Windows.Forms.ToolStripMenuItem;Name=toolsToolStripMenuItem;\;Class=System.Windows.Forms.ToolStripMenuItem;Name=jPanelControlToolStripMenuItem"
jTreeViewerToolStripMenuItem="Class=System.Windows.Forms.ToolStripMenuItem;Name=toolsToolStripMenuItem;\;Class=System.Windows.Forms.ToolStripMenuItem;Name=jTreeViewerToolStripMenuItem"
jTree2ViewerToolStripMenuItem="Class=System.Windows.Forms.ToolStripMenuItem;Name=toolsToolStripMenuItem;\;Class=System.Windows.Forms.ToolStripMenuItem;Name=jTree2ViewerToolStripMenuItem"
jTableViewerToolStripMenuItem="Class=System.Windows.Forms.ToolStripMenuItem;Name=toolsToolStripMenuItem;\;Class=System.Windows.Forms.ToolStripMenuItem;Name=jTableViewerToolStripMenuItem"
aMenuSeparator="Class=System.Windows.Forms.ToolStripMenuItem;Name=toolsToolStripMenuItem;\;Class=System.Windows.Forms.ToolStripSeparator;Name=aMenuSeparator"
jTable1ViewerToolStripMenuItem="Class=System.Windows.Forms.ToolStripMenuItem;Name=toolsToolStripMenuItem;\;Class=System.Windows.Forms.ToolStripMenuItem;Name=jTable1ViewerToolStripMenuItem"
weirdToolStripMenuItem="Class=System.Windows.Forms.ToolStripMenuItem;Name=weirdToolStripMenuItem"
checkButtonToolStripMenuItem="Class=System.Windows.Forms.ToolStripMenuItem;Name=weirdToolStripMenuItem;\;Class=System.Windows.Forms.ToolStripMenuItem;Name=checkButtonToolStripMenuItem"
radioButtonToolStripMenuItem="Class=System.Windows.Forms.ToolStripMenuItem;Name=weirdToolStripMenuItem;\;Class=System.Windows.Forms.ToolStripMenuItem;Name=radioButtonToolStripMenuItem"
helpToolStripMenuItem="Class=System.Windows.Forms.ToolStripMenuItem;Name=helpToolStripMenuItem"
aboutToolStripMenuItem="Class=System.Windows.Forms.ToolStripMenuItem;Name=helpToolStripMenuItem;\;Class=System.Windows.Forms.ToolStripMenuItem;Name=aboutToolStripMenuItem"

popupMenuBar="Type=PopupMenu;Name=contextMenuStrip1"
pFileToolStripMenuItem="Type=PopupMenu;Name=contextMenuStrip1;\;Type=DotNetMenuItem;Name=pFileToolStripMenuItem"
pExitToolStripMenuItem="Type=PopupMenu;Name=contextMenuStrip1;\;Type=DotNetMenuItem;Name=pFileToolStripMenuItem;\;Type=DotNetMenuItem;Name=pExitToolStripMenuItem"
pToolsToolStripMenuItem="Type=PopupMenu;Name=contextMenuStrip1;\;Type=DotNetMenuItem;Name=pToolsToolStripMenuItem"
pBasicCoToolStripMenuItem="Type=PopupMenu;Name=contextMenuStrip1;\;Type=DotNetMenuItem;Name=pToolsToolStripMenuItem;\;Type=DotNetMenuItem;Name=pBasicCoToolStripMenuItem"
pJPanelControlToolStripMenuItem="Type=PopupMenu;Name=contextMenuStrip1;\;Type=DotNetMenuItem;Name=pToolsToolStripMenuItem;\;Type=DotNetMenuItem;Name=pJPanelControlToolStripMenuItem"
pJTreeViewerToolStripMenuItem="Type=PopupMenu;Name=contextMenuStrip1;\;Type=DotNetMenuItem;Name=pToolsToolStripMenuItem;\;Type=DotNetMenuItem;Name=pJTreeViewerToolStripMenuItem"
pJTree1ViewerToolStripMenuItem="Type=PopupMenu;Name=contextMenuStrip1;\;Type=DotNetMenuItem;Name=pToolsToolStripMenuItem;\;Type=DotNetMenuItem;Name=pJTree1ViewerToolStripMenuItem"
pJTableViewerToolStripMenuItem="Type=PopupMenu;Name=contextMenuStrip1;\;Type=DotNetMenuItem;Name=pToolsToolStripMenuItem;\;Type=DotNetMenuItem;Name=pJTableViewerToolStripMenuItem"
pJTable2ViewerToolStripMenuItem="Type=PopupMenu;Name=contextMenuStrip1;\;Type=DotNetMenuItem;Name=pToolsToolStripMenuItem;\;Type=DotNetMenuItem;Name=pJTable2ViewerToolStripMenuItem"
pWeirdToolStripMenuItem="Type=PopupMenu;Name=contextMenuStrip1;\;Type=DotNetMenuItem;Name=pWeirdToolStripMenuItem"
pCheckBoxToolStripMenuItem="Type=PopupMenu;Name=contextMenuStrip1;\;Type=DotNetMenuItem;Name=pWeirdToolStripMenuItem;\;Type=DotNetMenuItem;Name=pCheckBoxToolStripMenuItem"
pRadioBoxToolStripMenuItem="Type=PopupMenu;Name=contextMenuStrip1;\;Type=DotNetMenuItem;Name=pWeirdToolStripMenuItem;\;Type=DotNetMenuItem;Name=pRadioBoxToolStripMenuItem"
pHelpToolStripMenuItem="Type=PopupMenu;Name=contextMenuStrip1;\;Type=DotNetMenuItem;Name=pHelpToolStripMenuItem"
pAboutToolStripMenuItem="Type=PopupMenu;Name=contextMenuStrip1;\;Type=DotNetMenuItem;Name=pHelpToolStripMenuItem;\;Type=DotNetMenuItem;Name=pAboutToolStripMenuItem"


;=======  some toolstrip rs
toolStrip1="Type=DotNetWindow;Name=Form1;\;Type=NETToolBar;Name=toolStrip1"
stripButtonComp="Type=DotNetWindow;Name=Form1;\;Type=NETToolBar;Name=toolStrip1;\;Type=NETButton;Name=stripButtonComp"
toolStripDropDownButton1="Type=DotNetWindow;Name=Form1;\;Type=NETToolBar;Name=toolStrip1;\;Class=System.Windows.Forms.ToolStripDropDownButton;Name=toolStripDropDownButton1"
toolStripDropDownButton1clickJTable="Type=DotNetWindow;Name=Form1;\;Type=NETToolBar;Name=toolStrip1;\;Class=System.Windows.Forms.ToolStripDropDownButton;Name=toolStripDropDownButton1;Path=toolStripDropDownButton1->clickJTable"
toolStripDropDownButton1clickJTable2="Type=DotNetWindow;Name=Form1;\;Type=NETToolBar;Name=toolStrip1;\;Class=System.Windows.Forms.ToolStripDropDownButton;Name=toolStripDropDownButton1;Path=toolStripDropDownButton1->clickJTable2"
toolStripSeparator1="Type=DotNetWindow;Name=Form1;\;Type=NETToolBar;Name=toolStrip1;\;Type=Separator;Name=toolStripSeparator1"
toolStripSplitButton1="Type=DotNetWindow;Name=Form1;\;Type=NETToolBar;Name=toolStrip1;\;Type=NETButton;Name=toolStripSplitButton1"
toolStripSplitButton1clickJTree="Type=DotNetWindow;Name=Form1;\;Type=NETToolBar;Name=toolStrip1;\;Type=NETButton;Name=toolStripSplitButton1;Path=toolStripSplitButton1->clickJTree"
toolStripSeparator2="Type=DotNetWindow;Name=Form1;\;Type=NETToolBar;Name=toolStrip1;\;Type=Separator;Name=toolStripSeparator2"
TSCB="Type=DotNetWindow;Name=Form1;\;Type=NETToolBar;Name=toolStrip1;\;Type=ComboBox;Name=TSCB"
ComboBox="Type=DotNetWindow;Name=Form1;\;Type=NETToolBar;Name=toolStrip1;\;Type=ComboBox;Index=1"
