
[ApplicationConstants]
Template="/Library/safs/samples/UICatalog/UICatalogInstruments.tracetemplate"
WorkDir="/Library/safs/samples/UICatalog/"

BackButton=":FPSM:Class=UIANavigationBar;\;Class=UIAButton;Name=Back"

[UICatalog]
UICatalog="Class=UIAApplication;Name=UICatalog;\;Class=UIAWindow;Index=1"
NavBar=":FPSM:Class=UIANavigationBar;Name=UICatalog"
Buttons=":FPSM:Class=UIATableView;\;Class=UIATableCell;NameContains=UIButton"
Table=":FPSM:Class=UIATableView;Index=1"
ControlsButton=":FPSM:Class=UIATableView;\;Class=UIATableCell;NameContains=UIControl"
WebButton=":FPSM:Class=UIATableView;\;Class=UIATableCell;NameContains=UIWebView"
TextViewButton=":FPSM:Class=UIATableView;\;Class=UIATableCell;NameContains=TextView"

[UIButtons]
UIButtons="Class=UIAApplication;Name=UICatalog;\;Class=UIAWindow;Index=1"
NavBar=":FPSM:Class=UIANavigationBar;Name=Buttons"
RoundedButton=":FPSM:Class=UIATableView;\;Class=UIATableCell;Name=Rounded Button;\;Class=UIAButton;Name=Rounded"

[UIControls]
UIControls="Class=UIAApplication;Name=UICatalog;\;Class=UIAWindow;Index=1"
PageControl=":FPSM:Class=UIATableView;\;Class=UIATableCell;Name=Ten Pages;\;Class=UIAPageIndicator"

[UIWebView]
UIWebView="Class=UIAApplication;Name=UICatalog;\;Class=UIAWindow;Index=1"
Content=":FPSM:Class=UIAScrollView;\;Class=UIAWebView"

[UITextView]
UITextView="Class=UIAApplication;Name=UICatalog;\;Class=UIAWindow;Index=1"
NavBar=":FPSM:Class=UIANavigationBar;Name=TextView"
Done=":FPSM:Class=UIANavigationBar;Name=TextView;\;Class=UIAButton;Name=Done"
Text=":FPSM:Class=UIATextView;Index=1"

[UIKeysView]
UIKeysView="Class=UIAApplication;\;Class=UIAWindow;Index=2"
Keyboard=":FPSM:Class=UIAKeyboard"
BackDelete=":FPSM:Class=UIAKeyboard;\;Class=UIAButton;Name=Delete"
Enter=":FPSM:Class=UIAKeyboard;\;Class=UIAButton;NameContains=return"
Hide=":FPSM:Class=UIAKeyboard;\;Class=UIAButton;NameContains=Hide"
Shift=":FPSM:Class=UIAKeyboard;\;Class=UIAButton;Name=shift"
Numbers=":FPSM:Class=UIAKeyboard;\;Class=UIAButton;NameContains=numbers"
Space=":FPSM:Class=UIAKeyboard;\;Class=UIAKey;Name=space"
ForeDelete=":FPSM:Class=UIAKeyboard;\;Class=UIAKey;NameContains=forward"

[Instruments]
Instruments="Image=Images/Automation.bmp"
StartScript="Image=Images/StartScript.bmp"
