#-------------------------------------------------------------------------------
# Application recognition string and constant here 
# constant can use inside testcase or application map
# Please see example how constant defines
#-------------------------------------------------------------------------------

[ApplicationConstants]
URLSAPDemo="http://safsdev:8880/SAPDemo/"
TabMortCalcScreenshot="MortCalc.png"
SAPDemoScreenshot="SAPDemo.png"
BrowserID="SAPDemoPage"
TopLeft="5,5"

#-------------------------------------------------------------------------------
# Application recognition string
# [SAPDemoPage] : define section in app map
# SAPDemoPage="", it is main window and name should be match in [SAPDemoPage].
# User can use any html attribute as recognition string 
# Example: id, text, name, class, type. As long as it is unique
#-------------------------------------------------------------------------------

[SAPDemoPage]
SAPDemoPage="class=sapUiBody"
TabControl="id=main.content.tabstrip"

TabMortCalc="Text={^nlsMortCalc}"
#TabMortCalc="id=main.content.tabstrip-0"

InputTerm="id=calc.panel.textfield.term"
InputPrincipal="id=calc.panel.textfield.principal"
InputRate="id=calc.panel.textfield.rate"
InputMonthlyPayment="id=calc.panel.textfield.payment"

ButtonSubmit="id=calc.panel.button.submit"